exit: 0
=== stdout ===
Found 2 ref(s). Renaming 'Old' → 'New'…

  inbox.jsonl: 1 block(s) updated
  binder_Old.md: 1 block(s) updated
  binder_Old.md → binder_New.md

  kMDItemProjects updated: doc.txt

Rename complete:
  YAML blocks updated : 2
  xattr files updated : 1

=== stderr ===
Collecting refs for binder 'Old'…
