exit: 0
=== stdout ===
Found 1 record(s) and 1 note block(s). Renaming 'Old' → 'New'…

  inbox.jsonl: 1 record(s) updated
  binder_Old.md: 1 block(s) updated
  binder_Old.md → binder_New.md

  kMDItemProjects updated: doc.txt

Rename complete:
  Index records updated : 1
  Note blocks updated   : 1
  xattr files updated   : 1

=== stderr ===
Collecting refs for binder 'Old'…
